# llm-cite-digest.baseline -- what every line-cited range in llm/ SAID when
# it was last verified.  Regenerate with:
#     python3 scripts/llm-guard.py --record-digests
# and REVIEW the git diff: the trailing excerpt is the first cited line, so a
# citation that has silently drifted onto other code shows up as a changed
# excerpt rather than as an opaque hash.  Fields: doc <TAB> cited-spec <TAB>
# digest <TAB> excerpt.  Keyed WITHOUT the doc's own line number, so
# re-flowing a paragraph does not re-key the file.
llm/qb.llm.api.md	Actor.h:1125-1135	d756f709669a	* @brief Alias of `addRefActor<T>()` — both return a phase-aware `qb:...
llm/qb.llm.api.md	Actor.h:1144-1202	348256583ed8	/**
llm/qb.llm.api.md	Actor.h:1204-1239	ebacec412d5d	/**
llm/qb.llm.api.md	Actor.h:1241-1256	472d699eca5d	/**
llm/qb.llm.api.md	Actor.h:1384-1384	e5c3be79eca7	*/
llm/qb.llm.api.md	Actor.h:1673-1753	675b76e4465e	*/
llm/qb.llm.api.md	Actor.h:1761-1765	c4c5841791f7	*/
llm/qb.llm.api.md	Actor.h:1868-1874	fa70d7763fca	/**
llm/qb.llm.api.md	Actor.h:1876-1880	c554c7d881fd	/** @brief True iff the actor is resolved and active (== `get() != nu...
llm/qb.llm.api.md	Actor.h:1896-1907	d27c2e9e1eac	[[nodiscard]] qb::io::async::task<bool>
llm/qb.llm.api.md	Actor.h:1938-1939	7a029450b670	template <typename _Actor>
llm/qb.llm.api.md	Actor.h:2250-2250	a0e051d59cc7	using coro_context = CoroContext;
llm/qb.llm.api.md	Actor.h:2258-2258	bd93422ca84b	using scoped_coro_context = ScopedCoroContext;
llm/qb.llm.api.md	Actor.h:599-616	11edeff824dc	/**
llm/qb.llm.api.md	Actor.h:629-673	5c5465b8e08f	/**
llm/qb.llm.api.md	Event.h:654-655	e76bd16e4192	template <typename... _Args>
llm/qb.llm.api.md	Event.h:663-664	46b3869d9c8b	template <typename... _Args>
llm/qb.llm.api.md	VirtualCore.h:1147-1147	1f3db9b196c8	Actor::spawn_detached(Func &&func) const {
llm/qb.llm.api.md	VirtualCore.h:1147-1148	2f1a9c27924d	Actor::spawn_detached(Func &&func) const {
llm/qb.llm.api.md	VirtualCore.h:1160-1160	0a7c96426fa0	Actor::spawn(Func &&func) const {
llm/qb.llm.api.md	VirtualCore.h:1160-1162	b009dc2efdb7	Actor::spawn(Func &&func) const {
llm/qb.llm.api.md	VirtualCore.h:746-769	cc12c180b3fc	template <typename _ServiceActor>
llm/qb.llm.api.md	crypto.h:693-701	8e21780c7681	* @brief Operation modes for elliptic curve encryption.
llm/qb.llm.api.md	crypto.h:704-704	9e7269fef498	enum class EnvelopeFormat {
llm/qb.llm.api.md	crypto.h:931-931	9613fb7d2235	static std::vector<unsigned char> x25519_key_exchange(const std::vect...
llm/qb.llm.api.md	crypto.h:943-943	d0e7c7fb5535	static std::vector<unsigned char> x25519_key_exchange(const std::stri...
llm/qb.llm.api.md	crypto.h:969-986	1893285b514b	static std::string encrypt_with_metadata(const std::vector<unsigned c...
llm/qb.llm.api.md	crypto.h:991-1000	cce5103b9a14	static std::pair<std::vector<unsigned char>, std::vector<unsigned char>>
llm/qb.llm.api.md	crypto_asymmetric.cpp:718-718	0ac40dcef3d3	return std::make_pair(ephemeral_pub_key, encrypted_data);
llm/qb.llm.api.md	scheduler.h:601-604	1cdfb1dc422b	[[nodiscard]] bool
llm/qb.llm.api.md	task.h:686-701	78c61ef4167a	await_resume() {
llm/qb.llm.md	Actor.cpp:114-119	df9e20a73808	Actor::Actor() noexcept
llm/qb.llm.md	Actor.cpp:300-318	94aff7135980	void
llm/qb.llm.md	Actor.h:1144-1201	24c583abbd4b	/**
llm/qb.llm.md	Actor.h:1202-1202	c83d000c16b8	void spawn_detached(Func &&func) const;
llm/qb.llm.md	Actor.h:1204-1238	e1ee23a15572	/**
llm/qb.llm.md	Actor.h:1239-1239	f9f0e3c13c7d	void spawn(Func &&func) const;
llm/qb.llm.md	Actor.h:1241-1256	472d699eca5d	/**
llm/qb.llm.md	Actor.h:1256-1256	e5c3be79eca7	*/
llm/qb.llm.md	Actor.h:1384-1384	e5c3be79eca7	*/
llm/qb.llm.md	Actor.h:1673-1753	675b76e4465e	*/
llm/qb.llm.md	Actor.h:1761-1765	c4c5841791f7	*/
llm/qb.llm.md	Actor.h:322-322	2ee867a48b62	* I/O, or query a peer — and the owning core keeps serving its other ...
llm/qb.llm.md	Actor.h:582-582	e5c3be79eca7	*/
llm/qb.llm.md	Actor.h:850-850	1f61849b0574	*          it. Pinned by `RelocatablePayload.*` / `RelocatablePayload...
llm/qb.llm.md	Actor.h:862-862	3f0db9b0d7b0	*            destination core** — not merely at the end of the enclos...
llm/qb.llm.md	Actor.h:988-988	a3ff690be5f0	* //   require<ServiceA, ServiceB>(); // discover; replies arrive aft...
llm/qb.llm.md	Event.h:420-420	d86605cd760f	id_handler_type source;
llm/qb.llm.md	Event.h:424-424	5055bd28810c	public:
llm/qb.llm.md	ICallback.h:16-16	5f1dd6082282	* @warning The tick handler is executed on the `VirtualCore`'s event-...
llm/qb.llm.md	Main.cpp:237-237	ff663ac601a5	// receive path (`VirtualCore::__receive__`) uses — and NOT `consume_...
llm/qb.llm.md	Main.cpp:369-369	5039d155a71c	bool
llm/qb.llm.md	Pipe.h:126-126	df58248c414f	*
llm/qb.llm.md	VirtualCore.h:1147-1147	1f3db9b196c8	Actor::spawn_detached(Func &&func) const {
llm/qb.llm.md	VirtualCore.h:1160-1160	0a7c96426fa0	Actor::spawn(Func &&func) const {
llm/qb.llm.md	VirtualCore.h:607-607	380da7d2afc5	void   forward(ActorId dest, Event &event) noexcept;
llm/qb.llm.md	compression.h:37-37	a65746e68cdc	#ifndef QB_HAS_COMPRESSION
llm/qb.llm.md	crypto.h:33-33	a223414b2c19	// This header used to `#error "missing OpenSSL Library"` when QB_HAS...
llm/qb.llm.md	crypto.h:524-524	28dfa3bea74f	* @param aad Additional authenticated data (for AEAD modes like GCM)
llm/qb.llm.md	crypto.h:825-825	97b5e44e1645	* @param variant Argon2 variant to use
llm/qb.llm.md	mixin.h:63-63	4a1b3ee6e5da	* Finding 2.D.9 — relationship with qb::Actor::spawn_detached:
llm/qb.llm.md	patterns/request.h:100-100	fd61ad9ff46e	ask(qb::ScopedCoroContext ctx, qb::ActorId target, E req, qb::duratio...
llm/qb.llm.md	qev++.h:696-696	125d441028a9	set(const char *path, qev_tstamp interval = 0.) EV_NOEXCEPT {
llm/qb.llm.md	scheduler.h:155-155	ed014babc3d7	*   I/O thread that constructed it. Every entry point (`spawn`,
llm/qb.llm.md	scheduler.h:230-230	2bf6e0e543a6	// last tick before teardown). They are suspended at final_suspend.
llm/qb.llm.md	ssl/context.h:127-127	3b96c5ab4fe6	class QB_API Context {
llm/qb.llm.md	ssl/socket.h:775-775	da39a3ee5e6b	(blank)
llm/qb.llm.md	ssl/socket.h:81-81	4e56ba7b18c5	* @return Pointer to the newly created `SSL_CTX` on success, `nullptr...
llm/qb.llm.md	ssl/socket.h:94-94	e5c3be79eca7	*/
llm/qb.llm.md	string.h:201-201	f11444169765	_size = static_cast<size_type>(std::min(size, static_cast<std::size_t...
llm/qb.llm.md	sys__socket.cpp:254-271	8f3204ff5821	// SO_REUSEADDR means different things on POSIX and Windows, so guard...
llm/qb.llm.md	time.h:8-25	980581677f9f	*  - `qb::duration`  — a span. Signed, nanosecond resolution (`int64`...
llm/qb.llm.md	time.h:90-90	5ca19947bbc8	using duration = std::chrono::nanoseconds;
